[benlordiase.com/index.html]
[backblue.gif]
[fade.gif]
[index.html]
[benlordiase.com/index/favicon/apple-touch-icon.png]
[benlordiase.com/index/favicon/favicon-32x32.png]
[benlordiase.com/index/favicon/favicon-16x16.png]
[benlordiase.com/index/favicon/site.webmanifest]
[benlordiase.com/index/favicon/safari-pinned-tab.svg]
[benlordiase.com/index/favicon/favicon.ico]
[benlordiase.com/index/_next/static/media/e79de15044935137-s.p.woff2]
[benlordiase.com/index/_next/static/media/4c4667e2bb125609-s.p.woff2]
[benlordiase.com/index/_next/static/media/4356a8cc4b9a973a-s.p.woff2]
[benlordiase.com/index/_next/static/media/6bd967b3fc58cc5f-s.p.woff2]
[benlordiase.com/index/_next/static/media/8c72d7c66e62e47e-s.p.woff2]
[benlordiase.com/index/_next/static/media/00c4056187920ce9-s.p.woff2]
[benlordiase.com/index/_next/static/media/8ec293e202f826c3-s.p.woff2]
[benlordiase.com/index/_next/static/media/b55cd65cf01b64f8-s.p.woff2]
[benlordiase.com/index/_next/static/css/b20562d5150b747f.css]
[benlordiase.com/index/_next/static/chunks/webpack-6b260aceb6152c44.js]
[benlordiase.com/index/_next/static/chunks/polyfills-42372ed130431b0a.js]
[benlordiase.com/index/_next/static/chunks/framework-e395cdc0b9492b04.js]
[benlordiase.com/index/_next/static/chunks/main-977587c0bc4ccfec.js]
[benlordiase.com/index/_next/static/chunks/pages/_app-aba2912ba74495e5.js]
[benlordiase.com/index/_next/static/chunks/652-8b0d00e99591c6f2.js]
[benlordiase.com/index/_next/static/chunks/5-edb6b6774a4dffb8.js]
[benlordiase.com/index/_next/static/chunks/892-3667d4ea804e8de5.js]
[benlordiase.com/index/_next/static/chunks/695-c51ae095963c3933.js]
[benlordiase.com/index/_next/static/chunks/64-61798773cd4811c5.js]
[benlordiase.com/index/_next/static/chunks/pages/index-6641f2b668947c23.js]
[benlordiase.com/index/_next/static/Xfm_ELVrPiM6kJmmOcSsA/_buildManifest.js]
[benlordiase.com/index/_next/static/Xfm_ELVrPiM6kJmmOcSsA/_ssgManifest.js]
[benlordiase.com/key.html]
[benlordiase.com/index/lottie/wink-purple.lottie]
[benlordiase.com/index/lottie/hearts-purple.lottie]
[benlordiase.com/index.html]
[benlordiase.com/index/favicon/safari-pinned-tab.svg]
[benlordiase.com/index/_next/static/css/b20562d5150b747f.css]
[benlordiase.com/key.html]
